# serializer version: 1
# name: test_updated_email_already_exists
  '''
  <main class="s-main" id="main" role="main">
  
              <section class="s-section pt-lg-3">
                  <div class="container">
                      
                      <div class="row g-0 bg-white">
                          
                              
      <div class="col-12 col-lg-6 bg-lg-white">
          <div class="bg-white p-3 py-lg-7 px-lg-8">
              <div class="container container-messages">
                  
                      
  
  
                  
              </div>
  
              
  
      <h1 class="h2">Votre adresse e-mail ne peut pas être mise à jour</h1>
  
      <div>
          <p>
              Votre fournisseur d'identité (Pôle emploi) nous indique que vous avez changé d’adresse e-mail.
              Cependant cette adresse e-mail existe déjà sur Inclusion Connect et ne peut pas être réutilisée.
          </p>
          <ul>
              <li>ancienne adresse (Inclusion Connect): old_email</li>
              <li>nouvelle adresse (transmise par Pôle emploi): michel@pole-emploi.fr</li>
          </ul>
          <p>
              Pour corriger la situation, merci de nous signaler le problème à <a href="mailto: support@connect.inclusion.beta.gouv.fr">support@connect.inclusion.beta.gouv.fr</a>.
          </p>
      </div>
  
      <form class="js-prevent-multiple-submit" method="post">
          <input name="csrfmiddlewaretoken" type="hidden" value="NORMALIZED_CSRF_TOKEN"/>
          <div>
              <button class="btn btn-block btn-primary" type="submit">Continuer</button>
          </div>
      </form>
  
  
  
          </div>
      </div>
  
                              
      <div class="d-none d-lg-flex col-lg-6 p-lg-6 justify-content-center align-items-center bg-light">
          <img alt="" class="img-fluid" loading="lazy" src="/static/img/illustration-ic.svg"/>
      </div>
  
                          
                      </div>
                  </div>
              </section>
  
          </main>
  '''
# ---
