# serializer version: 1
# name: test_dont_update_email_if_already_exists
  '''
  <main class="s-main" id="main" role="main">
  
              <section class="s-section pt-lg-3">
                  <div class="container">
                      <div class="row g-0 bg-white">
                          
                              
      <div class="col-12 col-lg-6 bg-lg-white">
          <div class="bg-white p-3 py-lg-7 px-lg-8">
              <h1>Mon compte</h1>
              <ul class="nav nav-tabs flex-column">
                  <li class="nav-item">
                      <a class="nav-link" href="/accounts/my-account/?">Informations générales</a>
                  </li>
                  
              </ul>
          </div>
      </div>
  
                              
      <div class="col-12 col-lg-6 bg-lg-white">
          <div class="bg-white p-3 py-lg-7 px-lg-8">
              <h1>
                  Informations générales
              </h1>
              
                  
  
  
              
  
              
      <div class="alert alert-warning">
          
              <p class="mb-0">
                  <b>Compte agent France Travail</b>
              </p>
              <p class="mb-0">Vous ne pouvez pas modifier ces informations depuis votre espace Inclusion Connect.</p>
          
      </div>
      <div>
          Prénom : <strong>old_first_name</strong>
          <br/>
          Nom : <strong>old_last_name</strong>
          <br/>
          Adresse e-mail : <strong>old_email</strong>
      </div>
  
  
              
          </div>
      </div>
  
                          
                      </div>
                  </div>
              </section>
  
          </main>
  '''
# ---
