# serializer version: 1
# name: test_csrf_view
  '''
  
  
  
  <!DOCTYPE HTML>
  <html lang="fr">
      <head>
          <meta charset="utf-8">
          <title>Inclusion Connect</title>
          <meta name="robots" content="noindex, nofollow">
          <meta name="viewport" content="width=device-width, initial-scale=1, shrink-to-fit=no">
  
          <link rel="icon" href="/static/img/illustration-bg-ic.svg" type="image/svg+xml">
          <link rel="icon" href="/static/img/favicon.ico" type="image/ico">
          <link rel="stylesheet" href="/static/vendor/theme-inclusion/stylesheets/app.css" type="text/css">
          <link rel="stylesheet" href="/static/css/inclusion_connect.css" type="text/css">
  
          
      </head>
      <body>
          
  
  
  
  <header role="banner" id="header">
      <section class="s-header">
          <div class="s-header__container container">
              <div class="s-header__row row">
                  <div class="s-header__col s-header__col--logo col-auto d-flex align-items-center pr-0 pr-md-3">
                      <img src="/static/vendor/theme-inclusion/images/logo-ministere-emploi.svg" alt="Ministère du travail, du plein emploi et de l'insertion" />
                  </div>
                  <div class="s-header__col s-header__col--logo col-auto d-flex align-items-center px-0 px-md-3">
                      <img src="/static/vendor/theme-inclusion/images/logo-inclusion-connect.svg" alt="Inclusion Connect" />
                  </div>
              </div>
          </div>
      </section>
  </header>
  
  
          <main id="main" role="main" class="s-main">
  
              <section class="s-section pt-lg-3">
                  <div class="container">
                      <div class="row no-gutters bg-white">
                          
      <div class="col-12 col-lg-6 bg-lg-white">
          <div class="bg-white p-3 py-lg-7 px-lg-8">
              <div class="container container-messages">
                  
                      
  
  
                  
              </div>
  
              
      <div class="alert alert-danger">
          <p>
              La requête a été interrompue pour votre sécurité (mécanisme <abbr>CSRF</abbr>).
              Peut-être vous êtes-vous connecté depuis un autre onglet ?
          </p>
          <p class="mb-0">
              
                  <a href="/">Aller à la page d'accueil</a>
              
          </p>
      </div>
  
          </div>
      </div>
  
                          
      <div class="d-none d-lg-flex col-lg-6 p-lg-6 justify-content-center align-items-center bg-light">
          <img class="img-fluid" src="/static/img/illustration-ic.svg" alt="" loading="lazy">
      </div>
  
                      </div>
                  </div>
              </section>
  
  
          </main>
  
          
  
  
  <footer role="contentinfo" id="footer">
      <section class="s-footer-gip">
          <div class="s-footer-gip__container container">
              <div class="s-footer-gip__row row">
                  <div class="s-footer-gip__col col-5 col-lg-2 d-flex align-items-center">
                      <div class="s-footer-gip__logo">
                          <img src="/static/vendor/theme-inclusion/images/logo-republique-francaise.svg" alt="Rébublique Française" class="img-fluid">
                      </div>
                  </div>
                  <div class="s-footer-gip__col col-7 col-lg-3 d-flex align-items-center justify-content-end justify-content-lg-start">
                      <div class="d-inline-block text-center">
                          <a href="https://inclusion.beta.gouv.fr/" target="_blank" aria-label="Découvrez les services de la plateforme de l'inclusion (lien externe)">
                              <img src="/static/vendor/theme-inclusion/images/logo-plateforme-inclusion.svg" height="80" alt="Logo de la Plateforme de l'inclusion">
                          </a>
                      </div>
                  </div>
                  <div class="s-footer-gip__col col-12 col-lg-7 d-flex align-items-center">
                      <div>
                          <p class="mb-3">
                              Inclusion Connect est un Single Sign-On (SSO). Autrement dit c'est un service d'authentification qui permet à un utilisateur d'utiliser les mêmes informations d'identification (email et mot de passe) pour accéder à plusieurs applications.
                          </p>
                          <p class="mb-3">
                              Vous constatez un problème de sécurité sur le service ?
                              <br>
                              Signalez-le nous à cette adresse <a href="mailto: support@connect.inclusion.beta.gouv.fr">support@connect.inclusion.beta.gouv.fr</a>.
                          </p>
  
                          <ul>
  
                              <li>
                                  <a href="https://beta.gouv.fr/" target="_blank" aria-label="Incubateur de services publics numériques — beta.gouv.fr (lien externe)">beta.gouv.fr</a>
                              </li>
  
                              <li>
                                  <a href="https://www.data.gouv.fr/fr/" target="_blank" aria-label="Data.gouv.fr (lien externe)">data.gouv.fr</a>
                              </li>
  
                              <li>
                                  <a href="https://api.gouv.fr/" target="_blank" aria-label="Simplifiez le partage et la circulation des données administratives grace à api.gouv.fr (lien externe)">api.gouv.fr</a>
                              </li>
  
                          </ul>
  
                      </div>
                  </div>
              </div>
          </div>
      </section>
  
      <section class="s-footer-legal">
          <div class="s-footer-legal__container container">
              <div class="s-footer-legal__row row">
                  <div class="s-footer-legal__col col-12">
                      <ul>
                          <li>
                              <a href="https://plateforme-inclusion.notion.site/Questions-fr-quentes-74a872c96637484f8a7dbfa6b44eeb08" target="_blank">Aide</a>
                          </li>
                          <li>
                              <a href="/static/terms/Politique%20de%20confidentialit%C3%A9_20230512.pdf" target="_blank">Politique de confidentialité</a>
                          </li>
                          <li>
                              <a href="/static/terms/CGU_20230302.pdf" target="_blank">CGU</a>
                          </li>
                          <li>
                              <a href="/static/terms/Mentions%20l%C3%A9gales_20230302.pdf" target="_blank">Mentions légales</a>
                          </li>
                      </ul>
                  </div>
              </div>
          </div>
      </section>
  </footer>
  
  
          
          
          
  
          <script src="/static/vendor/jquery-3.6.4/jquery-3.6.4.min.js"></script>
          <script src="/static/vendor/bootstrap-4.3.1/popper.min.js"></script>
          <script src="/static/vendor/bootstrap-4.3.1/bootstrap.min.js"></script>
          <script src="/static/vendor/theme-inclusion/javascripts/app.js"></script>
  
          
              <script src="/static/js/index.js"></script>
          
      </body>
  </html>
  
  '''
# ---
