# serializer version: 1
# name: test_new_password_display[new password has instructions]
  '''
  <div class="mb-3 form-group-required"><label class="form-label" for="id_password1">Mot de passe</label><div class="input-group"><input autocomplete="new-password" class="form-control password-with-instructions" id="id_password1" name="password1" placeholder="**********" required="" type="password"/>
          <span class="input-group-text p-0">
              <button class="btn btn-sm btn-link btn-ico" data-it-password="toggle" type="button">
                  <i class="ri-eye-line"></i>
                  <span>Afficher</span>
              </button>
          </span>
          </div></div>
  '''
# ---
