# serializer version: 1
# name: test_login_hint_is_preserved[login_email_field]
  '''
  <input autocomplete="email" class="form-control" disabled="" id="id_email" maxlength="320" name="email" placeholder="nom@domaine.fr" required="" type="email" value="email@mailinator.com"/>
  
  '''
# ---
# name: test_logout_with_confirmation
  '''
  <main class="s-main" id="main" role="main">
      <section class="s-section pt-lg-3">
          <div class="container">
              <div class="row g-0 bg-white">
                  <div class="col-12 col-lg-6 bg-lg-white">
                      <div class="bg-white p-3 py-lg-7 px-lg-8">
                          <div class="container container-messages">
                          </div>
                          <div class="block-center">
                              <h3>
                                  Déconnexion
                              </h3>
                              <p>
                                  Êtes-vous sûr de vouloir vous déconnecter ?
                              </p>
                              <form method="post">
                                  <input name="csrfmiddlewaretoken" type="hidden" value="NORMALIZED_CSRF_TOKEN"/>
                                  <input id="id_id_token_hint" name="id_token_hint" type="hidden"/>
                                  <input id="id_logout_hint" name="logout_hint" type="hidden"/>
                                  <input id="id_client_id" name="client_id" type="hidden" value="my_application"/>
                                  <input id="id_post_logout_redirect_uri" name="post_logout_redirect_uri" type="hidden" value="http://testserver/logout_callback"/>
                                  <input id="id_state" name="state" type="hidden"/>
                                  <input id="id_ui_locales" name="ui_locales" type="hidden"/>
                                  <div class="control-group">
                                      <div class="controls">
                                          <input class="btn btn-block btn-primary" name="allow" type="submit" value="Se déconnecter"/>
                                      </div>
                                  </div>
                              </form>
                          </div>
                      </div>
                  </div>
                  <div class="d-none d-lg-flex col-lg-6 p-lg-6 justify-content-center align-items-center bg-light">
                      <img alt="" class="img-fluid" loading="lazy" src="/static/img/illustration-ic.svg"/>
                  </div>
              </div>
          </div>
      </section>
  </main>
  
  '''
# ---
