# serializer version: 1
# name: test_homepage
  '''
  <!DOCTYPE html>
  <html lang="fr"><head>
          <meta charset="utf-8"/>
          <title>Inclusion Connect</title>
          <meta content="noindex, nofollow" name="robots"/>
          <meta content="width=device-width, initial-scale=1" name="viewport"/>
  
          <link href="/static/img/illustration-bg-ic.svg" rel="icon" type="image/svg+xml"/>
          <link href="/static/img/favicon.ico" rel="icon" type="image/ico"/>
          <link href="/static/vendor/theme-inclusion/stylesheets/app.css" rel="stylesheet" type="text/css"/>
          <link href="/static/css/inclusion_connect.css" rel="stylesheet" type="text/css"/>
  
          
      </head>
      <body>
          
  
  
  
  <header id="header" role="banner">
      <section class="s-header">
          <div class="s-header__container container">
              <div class="s-header__row row">
                  <div class="s-header__col s-header__col--logo-ministere col col-md-auto d-flex align-items-center pe-0">
                      <img alt="République Française" src="/static/vendor/theme-inclusion/images/logo-republique-francaise.svg"/>
                  </div>
                  <div class="s-header__col s-header__col--logo-service col-auto d-flex align-items-center">
                      <a href="/">
                          <img alt="Inclusion Connect" height="90" src="/static/vendor/theme-inclusion/images/logo-inclusion-connect.svg"/>
                      </a>
                  </div>
                  <div class="s-header__col s-header__col--nav col d-none d-xl-inline-flex d-xl-flex align-items-center justify-content-end">
                  </div>
              </div>
          </div>
      </section>
  </header>
  
  
          <main class="s-main" id="main" role="main">
  
              <section class="s-section pt-lg-3">
                  <div class="container">
                      <div class="row g-0 bg-white">
                          
                              
      <div class="col-12 col-lg-6 bg-lg-white">
          <div class="bg-white p-3 py-lg-7 px-lg-8">
              <div class="container container-messages">
                  
                      
  
  
                  
              </div>
  
              
  
      <h1 class="h2">Inclusion Connect</h1>
  
      <p>
          Inclusion Connect est une solution de connexion unique à plusieurs services publics pour les professionnels de l'inclusion.
      </p>
  
      <a aria-label="En savoir plus sur Inclusion Connect(lien externe)" class="has-external-link" href="https://inclusion.beta.gouv.fr/nos-services/inclusion-connect/" target="_blank">En savoir plus</a>
  
  
          </div>
      </div>
  
                              
      <div class="d-none d-lg-flex col-lg-6 p-lg-6 justify-content-center align-items-center bg-light">
          <img alt="" class="img-fluid" loading="lazy" src="/static/img/illustration-ic.svg"/>
      </div>
  
                          
                      </div>
                  </div>
              </section>
  
          </main>
  
          
  
  <footer id="footer" role="contentinfo">
      <section class="s-footer-quick">
          <div class="s-footer-quick__container container">
              <div class="s-footer-quick__row row">
                  <div class="s-footer-quick__col col-12 col-md-6 col-lg-auto">
                      <strong>Accès rapides</strong>
                      <div class="s-footer-quick__gridlist">
                          <ul>
                              <li>
                                  <a aria-label="FAQ sur Notion (lien externe)" href="https://plateforme-inclusion.notion.site/Questions-fr-quentes-74a872c96637484f8a7dbfa6b44eeb08" target="_blank">Aide</a>
                              </li>
                          </ul>
                      </div>
                  </div>
                  <div class="s-footer-quick__col col-12 col-md-6 col-lg-auto">
                      <strong>Documentation</strong>
                      <div class="s-footer-quick__gridlist">
                          <ul>
                              <li>
                                  <a aria-label="Statistiques (lien externe)" href="https://stats.inclusion.beta.gouv.fr/public/dashboard/8895a813-68d0-4d3a-a7e3-f71ef0615a52" target="_blank">Statistiques</a>
                              </li>
                              <li>
                                  <a aria-label="Github (lien externe)" href="https://github.com/gip-inclusion/inclusion-connect/blob/main/docs/index.md" target="_blank">Github</a>
                              </li>
                          </ul>
                      </div>
                  </div>
              </div>
          </div>
      </section>
  
      <section class="s-footer-gip">
          <div class="s-footer-gip__container container">
              <div class="s-footer-gip__row row">
                  <div class="s-footer-gip__col s-footer-gip__col--logo col-12 col-md-6 col-lg-auto">
                      <a aria-label="Découvrez les services de la plateforme de l'inclusion (lien externe)" href="https://inclusion.beta.gouv.fr/" target="_blank">
                          <img alt="Logo de la plateforme de l'inclusion" src="/static/vendor/theme-inclusion/images/logo-plateforme-inclusion.svg"/>
                      </a>
                  </div>
                  <div class="s-footer-gip__col col-12 col-md-6 col-lg">
                      <p class="mb-1">
                          <strong>Ce service fait partie de la Plateforme de l’inclusion</strong>
                      </p>
                      <p class="m-0">
                          Découvrez les outils qui portent l'inclusion au
                          <br class="d-none d-md-inline"/>
                          cœur de leur service. A chaque service, son objectif.
                          <br/>
                          <a aria-label="Découvrez les services de la plateforme de l'inclusion (lien externe)" class="has-external-link" href="https://inclusion.beta.gouv.fr/" target="_blank">Découvrez nos services</a>
                      </p>
                  </div>
                  <div class="s-footer-gip__col s-footer-gip__col--links col-12 col-lg-auto">
                      <ul>
                          <li>
                              <a aria-label="Incubateur de services publics numériques — beta.gouv.fr (lien externe)" href="https://beta.gouv.fr/" target="_blank">beta.gouv.fr</a>
                          </li>
                          <li>
                              <a aria-label="Data.gouv.fr (lien externe)" href="https://www.data.gouv.fr/fr/" target="_blank">data.gouv.fr</a>
                          </li>
                          <li>
                              <a aria-label="Simplifiez le partage et la circulation des données administratives grace à api.gouv.fr (lien externe)" href="https://api.gouv.fr/" target="_blank">api.gouv.fr</a>
                          </li>
                      </ul>
                  </div>
              </div>
          </div>
      </section>
  
      <section class="s-footer-legal">
          <div class="s-footer-legal__container container">
              <div class="s-footer-legal__row row">
                  <div class="s-footer-legal__col col-12">
                      <ul>
                          <li>
                              <a class="matomo-event" data-matomo-action="clic" data-matomo-category="aide" data-matomo-name="Aide (footer)" href="https://plateforme-inclusion.notion.site/Questions-fr-quentes-74a872c96637484f8a7dbfa6b44eeb08" target="_blank">Aide</a>
  
                          </li>
                          <li>
                              <a href="/static/terms/Politique_de_confidentialite_v7.pdf" target="_blank">Politique de confidentialité</a>
                          </li>
                          <li>
                              <a href="/static/terms/CGU_v5.pdf" target="_blank">CGU</a>
                          </li>
                          <li>
                              <a href="/accessibility/">Accessibilité : non conforme</a>
                          </li>
                          <li>
                              <a href="/static/terms/Mentions%20l%C3%A9gales_20230302.pdf" target="_blank">Mentions légales</a>
                          </li>
                      </ul>
                      <p>
                          Vous constatez un problème de sécurité sur le service ? Signalez-le nous à cette adresse <a href="mailto: support@connect.inclusion.beta.gouv.fr">support@connect.inclusion.beta.gouv.fr</a>.
                      </p>
                  </div>
              </div>
          </div>
      </section>
  </footer>
  
  
  
          
              <!-- Matomo -->
              <script id="matomo-custom-init" nonce="NORMALIZED_CSP_NONCE">
                var _paq = window._paq = window._paq || [];
                _paq.push(['trackPageView']);
                _paq.push(['enableLinkTracking']);
                (function() {
                  var u="https://matomo.example.com";
                  _paq.push(['setTrackerUrl', u+'matomo.php']);
                  _paq.push(['setSiteId', 1]);
                  var d=document, g=d.createElement('script'), s=d.getElementsByTagName('script')[0];
                  g.async=true; g.src=u+'matomo.js'; s.parentNode.insertBefore(g,s);
                })();
              </script>
              <!-- End Matomo Code -->
          
  
          
          
  
          <script src="/static/vendor/bootstrap-5.3.1/popper.min.js"></script>
          <script src="/static/vendor/bootstrap-5.3.1/bootstrap.min.js"></script>
          <script src="/static/vendor/theme-inclusion/javascripts/app.js"></script>
  
          
              <script src="/static/js/index.js"></script>
          
      
  
  </body></html>
  '''
# ---
